Microchip MPLAB XC8 Compiler V2.20

Linker command line:

-W-3 --edf=C:\Program Files\Microchip\xc8\v2.20\pic\dat\en_msgs.txt -cn \
  -h+dist/default/production\Laboratorio_3.X.production.sym \
  --cmf=dist/default/production\Laboratorio_3.X.production.cmf -z -Q18F4550 \
  -oC:\Users\sergi\AppData\Local\Temp\sq1c.2 --defsym=__MPLAB_BUILD=1 \
  -Mdist/default/production/Laboratorio_3.X.production.map -E1 \
  -ver=XC8 Compiler --acfsm=1493 -ASTACK=0C8h-07FFh -pstack=STACK \
  -ACODE=00h-07FFFh -ACONST=00h-07FFFh -ASMALLCONST=0800h-08FFhx120 \
  -AMEDIUMCONST=0800h-07FFFh -ACOMRAM=01h-05Fh -AABS1=00h-07FFh \
  -ABIGRAM=01h-07FFh -ARAM=060h-0FFh,0100h-01FFhx7 -ABANK0=060h-0FFh \
  -ABANK1=0100h-01FFh -ABANK2=0200h-02FFh -ABANK3=0300h-03FFh \
  -ABANK4=0400h-04FFh -ABANK5=0500h-05FFh -ABANK6=0600h-06FFh \
  -ABANK7=0700h-07FFh -ASFR=0F60h-0FFFh -ACONFIG=0300000h-030000Dh \
  -AIDLOC=0200000h-0200007h \
  -preset_vec=00h,intcode=08h,intcodelo=018h,powerup,init -pramtop=0800h \
  -psmallconst=SMALLCONST -pmediumconst=MEDIUMCONST -pconst=CONST \
  -AFARRAM=00h-00h -AEEDATA=0F00000h-0F000FFh -peeprom_data=EEDATA \
  -prdata=COMRAM,nvrram=COMRAM,nvbit=COMRAM,rbss=COMRAM,rbit=COMRAM \
  -pfarbss=FARRAM,fardata=FARRAM,nvFARRAM=FARRAM \
  -pintsave_regs=BIGRAM,bigbss=BIGRAM,bigdata=BIGRAM -pbss=RAM \
  -pidata=CODE,irdata=CODE,ibigdata=CODE,ifardata=CODE -prparam=COMRAM \
  C:\Users\sergi\AppData\Local\Temp\sq1c.o \
  dist/default/production\Laboratorio_3.X.production.o 

Object code version is 3.11

Machine type is 18F4550



                Name                               Link     Load   Length Selector   Space Scale
C:\Users\sergi\AppData\Local\Temp\sq1c.o
                idloc                            200000   200000        8        0       5
                config                           300000   300000        E        0       4
                init                                1E0      1E0        4        C       0
                reset_vec                             0        0        4        0       0
dist/default/production\Laboratorio_3.X.production.o
                intcodelo                            18       18      1C8        C       0
                intcode                               8        8        6        4       0
                idloc                            200000   200000        8        0       5
                config                           300000   300000        E        0       4
                temp                                 57       57        1        1       1
                text19                              6A6      6A6      4C0        C       0
                text18                             1758     1758      39A        C       0
                text17                             2A44     2A44      104        C       0
                text16                              F92      F92      42A        C       0
                text15                             1EB4     1EB4      1B4        C       0
                text14                             2820     2820      11E        C       0
                text13                             25BA     25BA      13E        C       0
                text12                             247C     247C      13E        C       0
                intcode_body                       2068     2068      194        C       0
                text9                              2B48     2B48       34        C       0
                text8                               1E4      1E4      4C2        C       0
                text7                              13BC     13BC      39C        C       0
                text6                              293E     293E      106        C       0
                text5                               B66      B66      42C        C       0
                text4                              1CFC     1CFC      1B8        C       0
                text3                              26F8     26F8      128        C       0
                text2                              233C     233C      140        C       0
                text1                              21FC     21FC      140        C       0
                text0                              1AF2     1AF2      20A        C       0
                cstackCOMRAM                          1        1       56        1       1
                cstackBANK0                          60       60       59       60       1
                dataBANK0                            C7       C7        1       60       1
                bssBANK0                             B9       B9        E       60       1
                cinit                              2B7C     2B7C       2C        C       0
                idataBANK0                         2BA8     2BA8        1        C       0

TOTAL           Name                               Link     Load   Length     Space
        CLASS   STACK          

        CLASS   CODE           
                intcodelo                            18       18      1C8         0
                intcode                               8        8        6         0
                init                                1E0      1E0        4         0
                reset_vec                             0        0        4         0
                text19                              6A6      6A6      4C0         0
                text18                             1758     1758      39A         0
                text17                             2A44     2A44      104         0
                text16                              F92      F92      42A         0
                text15                             1EB4     1EB4      1B4         0
                text14                             2820     2820      11E         0
                text13                             25BA     25BA      13E         0
                text12                             247C     247C      13E         0
                intcode_body                       2068     2068      194         0
                text9                              2B48     2B48       34         0
                text8                               1E4      1E4      4C2         0
                text7                              13BC     13BC      39C         0
                text6                              293E     293E      106         0
                text5                               B66      B66      42C         0
                text4                              1CFC     1CFC      1B8         0
                text3                              26F8     26F8      128         0
                text2                              233C     233C      140         0
                text1                              21FC     21FC      140         0
                text0                              1AF2     1AF2      20A         0
                cinit                              2B7C     2B7C       2C         0
                idataBANK0                         2BA8     2BA8        1         0

        CLASS   CONST          

        CLASS   SMALLCONST     

        CLASS   MEDIUMCONST    

        CLASS   COMRAM         
                temp                                 57       57        1         1
                cstackCOMRAM                          1        1       56         1

        CLASS   ABS1           

        CLASS   BIGRAM         

        CLASS   RAM            

        CLASS   BANK0          
                cstackBANK0                          60       60       59         1
                dataBANK0                            C7       C7        1         1
                bssBANK0                             B9       B9        E         1

        CLASS   BANK1          

        CLASS   BANK2          

        CLASS   BANK3          

        CLASS   BANK4          

        CLASS   BANK5          

        CLASS   BANK6          

        CLASS   BANK7          

        CLASS   SFR            

        CLASS   CONFIG         
                config                           300000   300000        E         4

        CLASS   IDLOC          
                idloc                            200000   200000        8         5

        CLASS   FARRAM         

        CLASS   EEDATA         



SEGMENTS        Name                           Load    Length   Top    Selector   Space  Class

                reset_vec                      000000  000004  000004         0       0  CODE    
                cstackCOMRAM                   000001  000057  000058         1       1  COMRAM  
                intcode                        000008  000006  00000E         4       0  CODE    
                intcodelo                      000018  002B91  002BA9         C       0  CODE    
                cstackBANK0                    000060  000068  0000C8        60       1  BANK0   


UNUSED ADDRESS RANGES

        Name                Unused          Largest block    Delta
        BANK0            0000C8-0000FF               38
        BANK1            000100-0001FF              100
        BANK2            000200-0002FF              100
        BANK3            000300-0003FF              100
        BANK4            000400-0004FF              100
        BANK5            000500-0005FF              100
        BANK6            000600-0006FF              100
        BANK7            000700-0007FF              100
        BIGRAM           000058-00005F                8
                         0000C8-0007FF              738
        CODE             000004-000007                4
                         00000E-000017                A
                         002BA9-007FFF             5457
        COMRAM           000058-00005F                8
        CONST            000004-000007                4
                         00000E-000017                A
                         002BA9-007FFF             5457
        EEDATA           F00000-F000FF              100
        MEDIUMCONST      002BA9-007FFF             5457
        RAM              0000C8-0007FF              100
        SFR              000F60-000FFF               A0
        SMALLCONST       002BA9-007FFF              100
        STACK            0000C8-0007FF              738

                                  Symbol Table

?___fladd                         cstackBANK0  000063
?___fldiv                         cstackBANK0  00008C
?___flmul                         cstackBANK0  000073
?___xxtofl                        cstackBANK0  000063
?i2___fladd                       cstackCOMRAM 000001
?i2___fldiv                       cstackCOMRAM 00002A
?i2___flmul                       cstackCOMRAM 000011
?i2___xxtofl                      cstackCOMRAM 000001
ISR_EX0_1@i                       cstackCOMRAM 000055
ISR_EX0_1@i_729                   cstackCOMRAM 000053
Temp@temp                         cstackBANK0  0000AD
Temp@tempt                        cstackBANK0  0000A9
_ADCON0                           (abs)        000FC2
_ADCON0bits                       (abs)        000FC2
_ADCON1                           (abs)        000FC1
_ADCON2                           (abs)        000FC0
_ADRESH                           (abs)        000FC4
_ADRESL                           (abs)        000FC3
_Configuracion_Registros          text9        002B48
_INTCON2bits                      (abs)        000FF1
_INTCON3bits                      (abs)        000FF0
_INTCONbits                       (abs)        000FF2
_ISR_EX0_1                        intcode      000008
_ISR_RB                           intcodelo    000018
_Nact                             bssBANK0     0000C1
_Nant                             bssBANK0     0000C3
_PORTA                            (abs)        000F80
_PORTAbits                        (abs)        000F80
_PORTB                            (abs)        000F81
_PORTBbits                        (abs)        000F81
_PORTC                            (abs)        000F82
_PORTCbits                        (abs)        000F82
_PORTD                            (abs)        000F83
_PORTDbits                        (abs)        000F83
_PORTE                            (abs)        000F84
_PORTEbits                        (abs)        000F84
_RCONbits                         (abs)        000FD0
_TRISA                            (abs)        000F92
_TRISB                            (abs)        000F93
_TRISC                            (abs)        000F94
_TRISD                            (abs)        000F95
_TRISE                            (abs)        000F96
_Temp                             text3        0026F8
__HRAM                            (abs)        000000
__Habs1                           abs1         000000
__Hbank0                          bank0        000000
__Hbank1                          bank1        000000
__Hbank2                          bank2        000000
__Hbank3                          bank3        000000
__Hbank4                          bank4        000000
__Hbank5                          bank5        000000
__Hbank6                          bank6        000000
__Hbank7                          bank7        000000
__Hbigbss                         bigbss       000000
__Hbigdata                        bigdata      000000
__Hbigram                         bigram       000000
__Hbss                            bss          000000
__HbssBANK0                       bssBANK0     000000
__Hcinit                          cinit        000000
__Hclrtext                        clrtext      000000
__Hcomram                         comram       000000
__Hconfig                         config       30000E
__Hconst                          const        000000
__HcstackBANK0                    cstackBANK0  000000
__HcstackCOMRAM                   cstackCOMRAM 000000
__Hdata                           data         000000
__HdataBANK0                      dataBANK0    000000
__Heeprom_data                    eeprom_data  000000
__Hfarbss                         farbss       000000
__Hfardata                        fardata      000000
__Hibigdata                       ibigdata     000000
__Hidata                          idata        000000
__HidataBANK0                     idataBANK0   000000
__Hidloc                          idloc        200008
__Hifardata                       ifardata     000000
__Hinit                           init         0001E4
__Hintcode                        intcode      00000E
__Hintcode_body                   intcode_body 000000
__Hintcodelo                      intcodelo    0001E0
__Hintentry                       intentry     000000
__Hintret                         intret       000000
__Hintsave_regs                   intsave_regs 000000
__Hirdata                         irdata       000000
__Hmediumconst                    mediumconst  000000
__HnvFARRAM                       nvFARRAM     000000
__Hnvbit                          nvbit        000000
__Hnvrram                         nvrram       000000
__Hparam                          rparam       000000
__Hpowerup                        powerup      0001E0
__Hram                            ram          000000
__Hramtop                         ramtop       000800
__Hrbit                           rbit         000000
__Hrbss                           rbss         000000
__Hrdata                          rdata        000000
__Hreset_vec                      reset_vec    000004
__Hrparam                         rparam       000000
__Hsfr                            sfr          000000
__Hsmallconst                     smallconst   000000
__Hspace_0                        (abs)        002BA9
__Hspace_1                        (abs)        0000C8
__Hspace_2                        (abs)        000000
__Hspace_4                        (abs)        60000E
__Hstack                          stack        000000
__Hstruct                         struct       000000
__Htemp                           temp         000058
__Htext                           text         000000
__Htext0                          text0        000000
__Htext1                          text1        000000
__Htext12                         text12       000000
__Htext13                         text13       000000
__Htext14                         text14       000000
__Htext15                         text15       000000
__Htext16                         text16       000000
__Htext17                         text17       000000
__Htext18                         text18       000000
__Htext19                         text19       000000
__Htext2                          text2        000000
__Htext3                          text3        000000
__Htext4                          text4        000000
__Htext5                          text5        000000
__Htext6                          text6        000000
__Htext7                          text7        000000
__Htext8                          text8        000000
__Htext9                          text9        000000
__LRAM                            (abs)        000001
__Labs1                           abs1         000000
__Lbank0                          bank0        000000
__Lbank1                          bank1        000000
__Lbank2                          bank2        000000
__Lbank3                          bank3        000000
__Lbank4                          bank4        000000
__Lbank5                          bank5        000000
__Lbank6                          bank6        000000
__Lbank7                          bank7        000000
__Lbigbss                         bigbss       000000
__Lbigdata                        bigdata      000000
__Lbigram                         bigram       000000
__Lbss                            bss          000000
__LbssBANK0                       bssBANK0     000000
__Lcinit                          cinit        000000
__Lclrtext                        clrtext      000000
__Lcomram                         comram       000000
__Lconfig                         config       000000
__Lconst                          const        000000
__LcstackBANK0                    cstackBANK0  000000
__LcstackCOMRAM                   cstackCOMRAM 000000
__Ldata                           data         000000
__LdataBANK0                      dataBANK0    000000
__Leeprom_data                    eeprom_data  000000
__Lfarbss                         farbss       000000
__Lfardata                        fardata      000000
__Libigdata                       ibigdata     000000
__Lidata                          idata        000000
__LidataBANK0                     idataBANK0   000000
__Lidloc                          idloc        000000
__Lifardata                       ifardata     000000
__Linit                           init         0001E0
__Lintcode                        intcode      000008
__Lintcode_body                   intcode_body 000000
__Lintcodelo                      intcodelo    000018
__Lintentry                       intentry     000000
__Lintret                         intret       000000
__Lintsave_regs                   intsave_regs 000000
__Lirdata                         irdata       000000
__Lmediumconst                    mediumconst  000000
__LnvFARRAM                       nvFARRAM     000000
__Lnvbit                          nvbit        000000
__Lnvrram                         nvrram       000000
__Lparam                          rparam       000000
__Lpowerup                        powerup      0001E0
__Lram                            ram          000000
__Lramtop                         ramtop       000800
__Lrbit                           rbit         000000
__Lrbss                           rbss         000000
__Lrdata                          rdata        000000
__Lreset_vec                      reset_vec    000000
__Lrparam                         rparam       000000
__Lsfr                            sfr          000000
__Lsmallconst                     smallconst   000000
__Lspace_0                        (abs)        000000
__Lspace_1                        (abs)        000000
__Lspace_2                        (abs)        000000
__Lspace_4                        (abs)        000000
__Lstack                          stack        000000
__Lstruct                         struct       000000
__Ltemp                           temp         000057
__Ltext                           text         000000
__Ltext0                          text0        000000
__Ltext1                          text1        000000
__Ltext12                         text12       000000
__Ltext13                         text13       000000
__Ltext14                         text14       000000
__Ltext15                         text15       000000
__Ltext16                         text16       000000
__Ltext17                         text17       000000
__Ltext18                         text18       000000
__Ltext19                         text19       000000
__Ltext2                          text2        000000
__Ltext3                          text3        000000
__Ltext4                          text4        000000
__Ltext5                          text5        000000
__Ltext6                          text6        000000
__Ltext7                          text7        000000
__Ltext8                          text8        000000
__Ltext9                          text9        000000
__S0                              (abs)        002BA9
__S1                              (abs)        0000C8
__S2                              (abs)        000000
__S4                              (abs)        000000
__S5                              (abs)        000000
___fladd                          text8        0001E4
___fladd@a                        cstackBANK0  000067
___fladd@aexp                     cstackBANK0  000070
___fladd@b                        cstackBANK0  000063
___fladd@bexp                     cstackBANK0  000071
___fladd@grs                      cstackBANK0  000072
___fladd@signs                    cstackBANK0  00006F
___fldiv                          text7        0013BC
___fldiv@a                        cstackBANK0  000090
___fldiv@aexp                     cstackBANK0  0000A4
___fldiv@b                        cstackBANK0  00008C
___fldiv@bexp                     cstackBANK0  0000A3
___fldiv@grs                      cstackBANK0  00009F
___fldiv@new_exp                  cstackBANK0  00009D
___fldiv@rem                      cstackBANK0  000098
___fldiv@sign                     cstackBANK0  00009C
___flge                           text6        00293E
___flge@ff1                       cstackBANK0  000063
___flge@ff2                       cstackBANK0  000067
___flmul                          text5        000B66
___flmul@a                        cstackBANK0  000077
___flmul@aexp                     cstackBANK0  000084
___flmul@b                        cstackBANK0  000073
___flmul@bexp                     cstackBANK0  000085
___flmul@grs                      cstackBANK0  000080
___flmul@prod                     cstackBANK0  000086
___flmul@sign                     cstackBANK0  00007F
___flmul@temp                     cstackBANK0  00008A
___inthi_sp                       stack        000000
___intlo_sp                       stack        000000
___param_bank                     (abs)        000000
___rparam_used                    (abs)        000001
___sp                             stack        000000
___xxtofl                         text4        001CFC
___xxtofl@arg                     cstackBANK0  00006D
___xxtofl@exp                     cstackBANK0  00006C
___xxtofl@sign                    cstackBANK0  00006B
___xxtofl@val                     cstackBANK0  000063
__accesstop                       (abs)        000060
__activetblptr                    (abs)        000002
__end_of_Configuracion_Registros  text9        002B7C
__end_of_ISR_EX0_1                intcode_body 0021FC
__end_of_ISR_RB                   intcodelo    0001E0
__end_of_Temp                     text3        002820
__end_of___fladd                  text8        0006A6
__end_of___fldiv                  text7        001758
__end_of___flge                   text6        002A44
__end_of___flmul                  text5        000F92
__end_of___xxtofl                 text4        001EB4
__end_of__initialization          cinit        002B9A
__end_of_dec                      text2        00247C
__end_of_main                     text0        001CFC
__end_of_und                      text1        00233C
__end_ofi2_Temp                   text14       00293E
__end_ofi2___fladd                text19       000B66
__end_ofi2___fldiv                text18       001AF2
__end_ofi2___flge                 text17       002B48
__end_ofi2___flmul                text16       0013BC
__end_ofi2___xxtofl               text15       002068
__end_ofi2_dec                    text13       0026F8
__end_ofi2_und                    text12       0025BA
__initialization                  cinit        002B7C
__mediumconst                     mediumconst  000000
__pbssBANK0                       bssBANK0     0000B9
__pcinit                          cinit        002B7C
__pcstackBANK0                    cstackBANK0  000060
__pcstackCOMRAM                   cstackCOMRAM 000001
__pdataBANK0                      dataBANK0    0000C7
__pidataBANK0                     idataBANK0   002BA8
__pintcode                        intcode      000008
__pintcode_body                   intcode_body 002068
__pintcodelo                      intcodelo    000018
__ptext0                          text0        001AF2
__ptext1                          text1        0021FC
__ptext12                         text12       00247C
__ptext13                         text13       0025BA
__ptext14                         text14       002820
__ptext15                         text15       001EB4
__ptext16                         text16       000F92
__ptext17                         text17       002A44
__ptext18                         text18       001758
__ptext19                         text19       0006A6
__ptext2                          text2        00233C
__ptext3                          text3        0026F8
__ptext4                          text4        001CFC
__ptext5                          text5        000B66
__ptext6                          text6        00293E
__ptext7                          text7        0013BC
__ptext8                          text8        0001E4
__ptext9                          text9        002B48
__ramtop                          ramtop       000800
__size_of_Configuracion_Registros (abs)        000000
__size_of_ISR_EX0_1               (abs)        000000
__size_of_ISR_RB                  (abs)        000000
__size_of_Temp                    (abs)        000000
__size_of___fladd                 (abs)        000000
__size_of___fldiv                 (abs)        000000
__size_of___flge                  (abs)        000000
__size_of___flmul                 (abs)        000000
__size_of___xxtofl                (abs)        000000
__size_of_dec                     (abs)        000000
__size_of_main                    (abs)        000000
__size_of_und                     (abs)        000000
__size_ofi2_Temp                  (abs)        000000
__size_ofi2___fladd               (abs)        000000
__size_ofi2___fldiv               (abs)        000000
__size_ofi2___flge                (abs)        000000
__size_ofi2___flmul               (abs)        000000
__size_ofi2___xxtofl              (abs)        000000
__size_ofi2_dec                   (abs)        000000
__size_ofi2_und                   (abs)        000000
__smallconst                      smallconst   000000
_cont                             bssBANK0     0000BB
_cont1                            bssBANK0     0000B9
_dec                              text2        00233C
_main                             text0        001AF2
_num                              bssBANK0     0000C5
_opc                              dataBANK0    0000C7
_und                              text1        0021FC
_x                                bssBANK0     0000BF
_y                                bssBANK0     0000BD
btemp                             temp         000057
dec@y                             cstackBANK0  000063
end_of_initialization             cinit        002B9A
i2Temp@temp                       cstackCOMRAM 00004B
i2Temp@tempt                      cstackCOMRAM 000047
i2_Temp                           text14       002820
i2___fladd                        text19       0006A6
i2___fladd@a                      cstackCOMRAM 000005
i2___fladd@aexp                   cstackCOMRAM 00000E
i2___fladd@b                      cstackCOMRAM 000001
i2___fladd@bexp                   cstackCOMRAM 00000F
i2___fladd@grs                    cstackCOMRAM 000010
i2___fladd@signs                  cstackCOMRAM 00000D
i2___fldiv                        text18       001758
i2___fldiv@a                      cstackCOMRAM 00002E
i2___fldiv@aexp                   cstackCOMRAM 000042
i2___fldiv@b                      cstackCOMRAM 00002A
i2___fldiv@bexp                   cstackCOMRAM 000041
i2___fldiv@grs                    cstackCOMRAM 00003D
i2___fldiv@new_exp                cstackCOMRAM 00003B
i2___fldiv@rem                    cstackCOMRAM 000036
i2___fldiv@sign                   cstackCOMRAM 00003A
i2___flge                         text17       002A44
i2___flge@ff1                     cstackCOMRAM 000001
i2___flge@ff2                     cstackCOMRAM 000005
i2___flmul                        text16       000F92
i2___flmul@a                      cstackCOMRAM 000015
i2___flmul@aexp                   cstackCOMRAM 000022
i2___flmul@b                      cstackCOMRAM 000011
i2___flmul@bexp                   cstackCOMRAM 000023
i2___flmul@grs                    cstackCOMRAM 00001E
i2___flmul@prod                   cstackCOMRAM 000024
i2___flmul@sign                   cstackCOMRAM 00001D
i2___flmul@temp                   cstackCOMRAM 000028
i2___xxtofl                       text15       001EB4
i2___xxtofl@arg                   cstackCOMRAM 00000B
i2___xxtofl@exp                   cstackCOMRAM 00000A
i2___xxtofl@sign                  cstackCOMRAM 000009
i2___xxtofl@val                   cstackCOMRAM 000001
i2_dec                            text13       0025BA
i2_und                            text12       00247C
i2dec@y                           cstackCOMRAM 000001
i2und@x                           cstackCOMRAM 000001
int$flags                         temp         000057
int_func                          intcode_body 002068
intlevel0                         text         000000
intlevel1                         text         000000
intlevel2                         text         000000
intlevel3                         text         000000
main@i                            cstackBANK0  0000B5
main@i_647                        cstackBANK0  0000B7
main@j                            cstackBANK0  0000B3
stackhi                           (abs)        0007FF
stacklo                           (abs)        0000C8
start                             init         0001E0
start_initialization              cinit        002B7C
ttemp5                            temp         000058
ttemp6                            temp         00005B
ttemp7                            temp         00005F
und@x                             cstackBANK0  000063
wtemp8                            temp         000058


FUNCTION INFORMATION:

 *************** function _main *****************
 Defined at:
		line 27 in file "Programacion.c"
 Parameters:    Size  Location     Type
		None
 Auto vars:     Size  Location     Type
  i               2   87[BANK0 ] int 
  i               2   85[BANK0 ] int 
  j               2   83[BANK0 ] int 
 Return value:  Size  Location     Type
                  1    wreg      void 
 Registers used:
		wreg, status,2, status,0, prodl, prodh, cstack
 Tracked objects:
		On entry : 
		On exit  : 
		Unchanged: 
 Data sizes:     COMRAM   BANK0   BANK1   BANK2   BANK3   BANK4   BANK5   BANK6   BANK7
      Params:         0       0       0       0       0       0       0       0       0
      Locals:         0       6       0       0       0       0       0       0       0
      Temps:          0       2       0       0       0       0       0       0       0
      Totals:         0       8       0       0       0       0       0       0       0
Total ram usage:        8 bytes
 Hardware stack levels required when called:    6
 This function calls:
		_Configuracion_Registros
		_Temp
		_dec
		_und
 This function is called by:
		Startup code after reset
 This function uses a non-reentrant model


 *************** function _und *****************
 Defined at:
		line 165 in file "Programacion.c"
 Parameters:    Size  Location     Type
  x               2    3[BANK0 ] int 
 Auto vars:     Size  Location     Type
		None
 Return value:  Size  Location     Type
                  1    wreg      void 
 Registers used:
		wreg, status,2, status,0
 Tracked objects:
		On entry : 
		On exit  : 
		Unchanged: 
 Data sizes:     COMRAM   BANK0   BANK1   BANK2   BANK3   BANK4   BANK5   BANK6   BANK7
      Params:         0       2       0       0       0       0       0       0       0
      Locals:         0       0       0       0       0       0       0       0       0
      Temps:          0       0       0       0       0       0       0       0       0
      Totals:         0       2       0       0       0       0       0       0       0
Total ram usage:        2 bytes
 Hardware stack levels used:    1
 Hardware stack levels required when called:    4
 This function calls:
		Nothing
 This function is called by:
		_main
 This function uses a non-reentrant model


 *************** function _dec *****************
 Defined at:
		line 238 in file "Programacion.c"
 Parameters:    Size  Location     Type
  y               2    3[BANK0 ] int 
 Auto vars:     Size  Location     Type
		None
 Return value:  Size  Location     Type
                  1    wreg      void 
 Registers used:
		wreg, status,2, status,0
 Tracked objects:
		On entry : 
		On exit  : 
		Unchanged: 
 Data sizes:     COMRAM   BANK0   BANK1   BANK2   BANK3   BANK4   BANK5   BANK6   BANK7
      Params:         0       2       0       0       0       0       0       0       0
      Locals:         0       0       0       0       0       0       0       0       0
      Temps:          0       0       0       0       0       0       0       0       0
      Totals:         0       2       0       0       0       0       0       0       0
Total ram usage:        2 bytes
 Hardware stack levels used:    1
 Hardware stack levels required when called:    4
 This function calls:
		Nothing
 This function is called by:
		_main
 This function uses a non-reentrant model


 *************** function _Temp *****************
 Defined at:
		line 141 in file "Programacion.c"
 Parameters:    Size  Location     Type
		None
 Auto vars:     Size  Location     Type
  temp            4   77[BANK0 ] float 
  tempt           4   73[BANK0 ] float 
 Return value:  Size  Location     Type
                  1    wreg      void 
 Registers used:
		wreg, status,2, status,0, prodl, prodh, cstack
 Tracked objects:
		On entry : 
		On exit  : 
		Unchanged: 
 Data sizes:     COMRAM   BANK0   BANK1   BANK2   BANK3   BANK4   BANK5   BANK6   BANK7
      Params:         0       0       0       0       0       0       0       0       0
      Locals:         0       8       0       0       0       0       0       0       0
      Temps:          0       4       0       0       0       0       0       0       0
      Totals:         0      12       0       0       0       0       0       0       0
Total ram usage:       12 bytes
 Hardware stack levels used:    1
 Hardware stack levels required when called:    5
 This function calls:
		___fladd
		___fldiv
		___flge
		___flmul
		___xxtofl
 This function is called by:
		_main
 This function uses a non-reentrant model


 *************** function ___xxtofl *****************
 Defined at:
		line 10 in file "C:\Program Files\Microchip\xc8\v2.20\pic\sources\c99\common\xxtofl.c"
 Parameters:    Size  Location     Type
  sign            1    wreg     unsigned char 
  val             4    3[BANK0 ] long 
 Auto vars:     Size  Location     Type
  sign            1   11[BANK0 ] unsigned char 
  arg             4   13[BANK0 ] unsigned long 
  exp             1   12[BANK0 ] unsigned char 
 Return value:  Size  Location     Type
                  4    3[BANK0 ] unsigned char 
 Registers used:
		wreg, status,2, status,0
 Tracked objects:
		On entry : 
		On exit  : 
		Unchanged: 
 Data sizes:     COMRAM   BANK0   BANK1   BANK2   BANK3   BANK4   BANK5   BANK6   BANK7
      Params:         0       4       0       0       0       0       0       0       0
      Locals:         0       6       0       0       0       0       0       0       0
      Temps:          0       4       0       0       0       0       0       0       0
      Totals:         0      14       0       0       0       0       0       0       0
Total ram usage:       14 bytes
 Hardware stack levels used:    1
 Hardware stack levels required when called:    4
 This function calls:
		Nothing
 This function is called by:
		_Temp
 This function uses a non-reentrant model


 *************** function ___flmul *****************
 Defined at:
		line 8 in file "C:\Program Files\Microchip\xc8\v2.20\pic\sources\c99\common\sprcmul.c"
 Parameters:    Size  Location     Type
  b               4   19[BANK0 ] unsigned char 
  a               4   23[BANK0 ] unsigned char 
 Auto vars:     Size  Location     Type
  prod            4   38[BANK0 ] struct .
  grs             4   32[BANK0 ] unsigned long 
  temp            2   42[BANK0 ] struct .
  bexp            1   37[BANK0 ] unsigned char 
  aexp            1   36[BANK0 ] unsigned char 
  sign            1   31[BANK0 ] unsigned char 
 Return value:  Size  Location     Type
                  4   19[BANK0 ] unsigned char 
 Registers used:
		wreg, status,2, status,0, prodl, prodh
 Tracked objects:
		On entry : 
		On exit  : 
		Unchanged: 
 Data sizes:     COMRAM   BANK0   BANK1   BANK2   BANK3   BANK4   BANK5   BANK6   BANK7
      Params:         0       8       0       0       0       0       0       0       0
      Locals:         0      13       0       0       0       0       0       0       0
      Temps:          0       4       0       0       0       0       0       0       0
      Totals:         0      25       0       0       0       0       0       0       0
Total ram usage:       25 bytes
 Hardware stack levels used:    1
 Hardware stack levels required when called:    4
 This function calls:
		Nothing
 This function is called by:
		_Temp
 This function uses a non-reentrant model


 *************** function ___flge *****************
 Defined at:
		line 4 in file "C:\Program Files\Microchip\xc8\v2.20\pic\sources\c99\common\flge.c"
 Parameters:    Size  Location     Type
  ff1             4    3[BANK0 ] unsigned char 
  ff2             4    7[BANK0 ] unsigned char 
 Auto vars:     Size  Location     Type
		None
 Return value:  Size  Location     Type
		None               void
 Registers used:
		wreg, status,2, status,0
 Tracked objects:
		On entry : 
		On exit  : 
		Unchanged: 
 Data sizes:     COMRAM   BANK0   BANK1   BANK2   BANK3   BANK4   BANK5   BANK6   BANK7
      Params:         0       8       0       0       0       0       0       0       0
      Locals:         0       0       0       0       0       0       0       0       0
      Temps:          0       4       0       0       0       0       0       0       0
      Totals:         0      12       0       0       0       0       0       0       0
Total ram usage:       12 bytes
 Hardware stack levels used:    1
 Hardware stack levels required when called:    4
 This function calls:
		Nothing
 This function is called by:
		_Temp
 This function uses a non-reentrant model


 *************** function ___fldiv *****************
 Defined at:
		line 11 in file "C:\Program Files\Microchip\xc8\v2.20\pic\sources\c99\common\sprcdiv.c"
 Parameters:    Size  Location     Type
  b               4   44[BANK0 ] unsigned char 
  a               4   48[BANK0 ] unsigned char 
 Auto vars:     Size  Location     Type
  grs             4   63[BANK0 ] unsigned long 
  rem             4   56[BANK0 ] unsigned long 
  new_exp         2   61[BANK0 ] short 
  aexp            1   68[BANK0 ] unsigned char 
  bexp            1   67[BANK0 ] unsigned char 
  sign            1   60[BANK0 ] unsigned char 
 Return value:  Size  Location     Type
                  4   44[BANK0 ] unsigned char 
 Registers used:
		wreg, status,2, status,0
 Tracked objects:
		On entry : 
		On exit  : 
		Unchanged: 
 Data sizes:     COMRAM   BANK0   BANK1   BANK2   BANK3   BANK4   BANK5   BANK6   BANK7
      Params:         0       8       0       0       0       0       0       0       0
      Locals:         0      13       0       0       0       0       0       0       0
      Temps:          0       4       0       0       0       0       0       0       0
      Totals:         0      25       0       0       0       0       0       0       0
Total ram usage:       25 bytes
 Hardware stack levels used:    1
 Hardware stack levels required when called:    4
 This function calls:
		Nothing
 This function is called by:
		_Temp
 This function uses a non-reentrant model


 *************** function ___fladd *****************
 Defined at:
		line 10 in file "C:\Program Files\Microchip\xc8\v2.20\pic\sources\c99\common\sprcadd.c"
 Parameters:    Size  Location     Type
  b               4    3[BANK0 ] unsigned char 
  a               4    7[BANK0 ] unsigned char 
 Auto vars:     Size  Location     Type
  grs             1   18[BANK0 ] unsigned char 
  bexp            1   17[BANK0 ] unsigned char 
  aexp            1   16[BANK0 ] unsigned char 
  signs           1   15[BANK0 ] unsigned char 
 Return value:  Size  Location     Type
                  4    3[BANK0 ] unsigned char 
 Registers used:
		wreg, status,2, status,0
 Tracked objects:
		On entry : 
		On exit  : 
		Unchanged: 
 Data sizes:     COMRAM   BANK0   BANK1   BANK2   BANK3   BANK4   BANK5   BANK6   BANK7
      Params:         0       8       0       0       0       0       0       0       0
      Locals:         0       4       0       0       0       0       0       0       0
      Temps:          0       4       0       0       0       0       0       0       0
      Totals:         0      16       0       0       0       0       0       0       0
Total ram usage:       16 bytes
 Hardware stack levels used:    1
 Hardware stack levels required when called:    4
 This function calls:
		Nothing
 This function is called by:
		_Temp
 This function uses a non-reentrant model


 *************** function _Configuracion_Registros *****************
 Defined at:
		line 115 in file "Programacion.c"
 Parameters:    Size  Location     Type
		None
 Auto vars:     Size  Location     Type
		None
 Return value:  Size  Location     Type
                  1    wreg      void 
 Registers used:
		wreg, status,2
 Tracked objects:
		On entry : 
		On exit  : 
		Unchanged: 
 Data sizes:     COMRAM   BANK0   BANK1   BANK2   BANK3   BANK4   BANK5   BANK6   BANK7
      Params:         0       0       0       0       0       0       0       0       0
      Locals:         0       0       0       0       0       0       0       0       0
      Temps:          0       0       0       0       0       0       0       0       0
      Totals:         0       0       0       0       0       0       0       0       0
Total ram usage:        0 bytes
 Hardware stack levels used:    1
 Hardware stack levels required when called:    4
 This function calls:
		Nothing
 This function is called by:
		_main
 This function uses a non-reentrant model


 *************** function _ISR_RB *****************
 Defined at:
		line 357 in file "Programacion.c"
 Parameters:    Size  Location     Type
		None
 Auto vars:     Size  Location     Type
		None
 Return value:  Size  Location     Type
                  1    wreg      void 
 Registers used:
		wreg, status,2, status,0
 Tracked objects:
		On entry : 
		On exit  : 
		Unchanged: 
 Data sizes:     COMRAM   BANK0   BANK1   BANK2   BANK3   BANK4   BANK5   BANK6   BANK7
      Params:         0       0       0       0       0       0       0       0       0
      Locals:         0       0       0       0       0       0       0       0       0
      Temps:          0       3       0       0       0       0       0       0       0
      Totals:         0       3       0       0       0       0       0       0       0
Total ram usage:        3 bytes
 Hardware stack levels used:    1
 Hardware stack levels required when called:    3
 This function calls:
		Nothing
 This function is called by:
		Interrupt level 1
 This function uses a non-reentrant model


 *************** function _ISR_EX0_1 *****************
 Defined at:
		line 311 in file "Programacion.c"
 Parameters:    Size  Location     Type
		None
 Auto vars:     Size  Location     Type
  i               2   82[COMRAM] int 
  i               2   84[COMRAM] int 
 Return value:  Size  Location     Type
                  1    wreg      void 
 Registers used:
		wreg, status,2, status,0, prodl, prodh, cstack
 Tracked objects:
		On entry : 
		On exit  : 
		Unchanged: 
 Data sizes:     COMRAM   BANK0   BANK1   BANK2   BANK3   BANK4   BANK5   BANK6   BANK7
      Params:         0       0       0       0       0       0       0       0       0
      Locals:         4       0       0       0       0       0       0       0       0
      Temps:          4       0       0       0       0       0       0       0       0
      Totals:         8       0       0       0       0       0       0       0       0
Total ram usage:        8 bytes
 Hardware stack levels used:    1
 Hardware stack levels required when called:    2
 This function calls:
		i2_Temp
		i2_dec
		i2_und
 This function is called by:
		Interrupt level 2
 This function uses a non-reentrant model


 *************** function i2_und *****************
 Defined at:
		line 165 in file "Programacion.c"
 Parameters:    Size  Location     Type
  x               2    0[COMRAM] int 
 Auto vars:     Size  Location     Type
		None
 Return value:  Size  Location     Type
                  1    wreg      void 
 Registers used:
		wreg, status,2, status,0
 Tracked objects:
		On entry : 
		On exit  : 
		Unchanged: 
 Data sizes:     COMRAM   BANK0   BANK1   BANK2   BANK3   BANK4   BANK5   BANK6   BANK7
      Params:         2       0       0       0       0       0       0       0       0
      Locals:         0       0       0       0       0       0       0       0       0
      Temps:          0       0       0       0       0       0       0       0       0
      Totals:         2       0       0       0       0       0       0       0       0
Total ram usage:        2 bytes
 Hardware stack levels used:    1
 This function calls:
		Nothing
 This function is called by:
		_ISR_EX0_1
 This function uses a non-reentrant model


 *************** function i2_dec *****************
 Defined at:
		line 238 in file "Programacion.c"
 Parameters:    Size  Location     Type
  y               2    0[COMRAM] int 
 Auto vars:     Size  Location     Type
		None
 Return value:  Size  Location     Type
                  1    wreg      void 
 Registers used:
		wreg, status,2, status,0
 Tracked objects:
		On entry : 
		On exit  : 
		Unchanged: 
 Data sizes:     COMRAM   BANK0   BANK1   BANK2   BANK3   BANK4   BANK5   BANK6   BANK7
      Params:         2       0       0       0       0       0       0       0       0
      Locals:         0       0       0       0       0       0       0       0       0
      Temps:          0       0       0       0       0       0       0       0       0
      Totals:         2       0       0       0       0       0       0       0       0
Total ram usage:        2 bytes
 Hardware stack levels used:    1
 This function calls:
		Nothing
 This function is called by:
		_ISR_EX0_1
 This function uses a non-reentrant model


 *************** function i2_Temp *****************
 Defined at:
		line 141 in file "Programacion.c"
 Parameters:    Size  Location     Type
		None
 Auto vars:     Size  Location     Type
  temp            4   74[COMRAM] float 
  tempt           4   70[COMRAM] float 
 Return value:  Size  Location     Type
                  1    wreg      void 
 Registers used:
		wreg, status,2, status,0, prodl, prodh, cstack
 Tracked objects:
		On entry : 
		On exit  : 
		Unchanged: 
 Data sizes:     COMRAM   BANK0   BANK1   BANK2   BANK3   BANK4   BANK5   BANK6   BANK7
      Params:         0       0       0       0       0       0       0       0       0
      Locals:         8       0       0       0       0       0       0       0       0
      Temps:          4       0       0       0       0       0       0       0       0
      Totals:        12       0       0       0       0       0       0       0       0
Total ram usage:       12 bytes
 Hardware stack levels used:    1
 Hardware stack levels required when called:    1
 This function calls:
		i2___fladd
		i2___fldiv
		i2___flge
		i2___flmul
		i2___xxtofl
 This function is called by:
		_ISR_EX0_1
 This function uses a non-reentrant model


 *************** function i2___xxtofl *****************
 Defined at:
		line 10 in file "C:\Program Files\Microchip\xc8\v2.20\pic\sources\c99\common\xxtofl.c"
 Parameters:    Size  Location     Type
  sign            1    wreg     unsigned char 
  val             4    0[COMRAM] long 
 Auto vars:     Size  Location     Type
  sign            1    8[COMRAM] unsigned char 
  arg             4   10[COMRAM] unsigned long 
  exp             1    9[COMRAM] unsigned char 
 Return value:  Size  Location     Type
                  4    0[COMRAM] unsigned char 
 Registers used:
		wreg, status,2, status,0
 Tracked objects:
		On entry : 
		On exit  : 
		Unchanged: 
 Data sizes:     COMRAM   BANK0   BANK1   BANK2   BANK3   BANK4   BANK5   BANK6   BANK7
      Params:         4       0       0       0       0       0       0       0       0
      Locals:         6       0       0       0       0       0       0       0       0
      Temps:          4       0       0       0       0       0       0       0       0
      Totals:        14       0       0       0       0       0       0       0       0
Total ram usage:       14 bytes
 Hardware stack levels used:    1
 This function calls:
		Nothing
 This function is called by:
		i2_Temp
 This function uses a non-reentrant model


 *************** function i2___flmul *****************
 Defined at:
		line 8 in file "C:\Program Files\Microchip\xc8\v2.20\pic\sources\c99\common\sprcmul.c"
 Parameters:    Size  Location     Type
  b               4   16[COMRAM] unsigned char 
  a               4   20[COMRAM] unsigned char 
 Auto vars:     Size  Location     Type
  prod            4   35[COMRAM] struct .
  grs             4   29[COMRAM] unsigned long 
  temp            2   39[COMRAM] struct .
  bexp            1   34[COMRAM] unsigned char 
  aexp            1   33[COMRAM] unsigned char 
  sign            1   28[COMRAM] unsigned char 
 Return value:  Size  Location     Type
                  4   16[COMRAM] unsigned char 
 Registers used:
		wreg, status,2, status,0, prodl, prodh
 Tracked objects:
		On entry : 
		On exit  : 
		Unchanged: 
 Data sizes:     COMRAM   BANK0   BANK1   BANK2   BANK3   BANK4   BANK5   BANK6   BANK7
      Params:         8       0       0       0       0       0       0       0       0
      Locals:        13       0       0       0       0       0       0       0       0
      Temps:          4       0       0       0       0       0       0       0       0
      Totals:        25       0       0       0       0       0       0       0       0
Total ram usage:       25 bytes
 Hardware stack levels used:    1
 This function calls:
		Nothing
 This function is called by:
		i2_Temp
 This function uses a non-reentrant model


 *************** function i2___flge *****************
 Defined at:
		line 4 in file "C:\Program Files\Microchip\xc8\v2.20\pic\sources\c99\common\flge.c"
 Parameters:    Size  Location     Type
  ff1             4    0[COMRAM] unsigned char 
  ff2             4    4[COMRAM] unsigned char 
 Auto vars:     Size  Location     Type
		None
 Return value:  Size  Location     Type
		None               void
 Registers used:
		wreg, status,2, status,0
 Tracked objects:
		On entry : 
		On exit  : 
		Unchanged: 
 Data sizes:     COMRAM   BANK0   BANK1   BANK2   BANK3   BANK4   BANK5   BANK6   BANK7
      Params:         8       0       0       0       0       0       0       0       0
      Locals:         0       0       0       0       0       0       0       0       0
      Temps:          4       0       0       0       0       0       0       0       0
      Totals:        12       0       0       0       0       0       0       0       0
Total ram usage:       12 bytes
 Hardware stack levels used:    1
 This function calls:
		Nothing
 This function is called by:
		i2_Temp
 This function uses a non-reentrant model


 *************** function i2___fldiv *****************
 Defined at:
		line 11 in file "C:\Program Files\Microchip\xc8\v2.20\pic\sources\c99\common\sprcdiv.c"
 Parameters:    Size  Location     Type
  b               4   41[COMRAM] unsigned char 
  a               4   45[COMRAM] unsigned char 
 Auto vars:     Size  Location     Type
  grs             4   60[COMRAM] unsigned long 
  rem             4   53[COMRAM] unsigned long 
  new_exp         2   58[COMRAM] short 
  aexp            1   65[COMRAM] unsigned char 
  bexp            1   64[COMRAM] unsigned char 
  sign            1   57[COMRAM] unsigned char 
 Return value:  Size  Location     Type
                  4   41[COMRAM] unsigned char 
 Registers used:
		wreg, status,2, status,0
 Tracked objects:
		On entry : 
		On exit  : 
		Unchanged: 
 Data sizes:     COMRAM   BANK0   BANK1   BANK2   BANK3   BANK4   BANK5   BANK6   BANK7
      Params:         8       0       0       0       0       0       0       0       0
      Locals:        13       0       0       0       0       0       0       0       0
      Temps:          4       0       0       0       0       0       0       0       0
      Totals:        25       0       0       0       0       0       0       0       0
Total ram usage:       25 bytes
 Hardware stack levels used:    1
 This function calls:
		Nothing
 This function is called by:
		i2_Temp
 This function uses a non-reentrant model


 *************** function i2___fladd *****************
 Defined at:
		line 10 in file "C:\Program Files\Microchip\xc8\v2.20\pic\sources\c99\common\sprcadd.c"
 Parameters:    Size  Location     Type
  b               4    0[COMRAM] unsigned char 
  a               4    4[COMRAM] unsigned char 
 Auto vars:     Size  Location     Type
  grs             1   15[COMRAM] unsigned char 
  bexp            1   14[COMRAM] unsigned char 
  aexp            1   13[COMRAM] unsigned char 
  signs           1   12[COMRAM] unsigned char 
 Return value:  Size  Location     Type
                  4    0[COMRAM] unsigned char 
 Registers used:
		wreg, status,2, status,0
 Tracked objects:
		On entry : 
		On exit  : 
		Unchanged: 
 Data sizes:     COMRAM   BANK0   BANK1   BANK2   BANK3   BANK4   BANK5   BANK6   BANK7
      Params:         8       0       0       0       0       0       0       0       0
      Locals:         4       0       0       0       0       0       0       0       0
      Temps:          4       0       0       0       0       0       0       0       0
      Totals:        16       0       0       0       0       0       0       0       0
Total ram usage:       16 bytes
 Hardware stack levels used:    1
 This function calls:
		Nothing
 This function is called by:
		i2_Temp
 This function uses a non-reentrant model



MODULE INFORMATION

Module		Function		Class		Link	Load	Size
C:\Program Files\Microchip\xc8\v2.20\pic\sources\c99\common\sprcadd.c
		___fladd       		CODE           	01E4	0000	1219

C:\Program Files\Microchip\xc8\v2.20\pic\sources\c99\common\sprcadd.c estimated size: 1219

C:\Program Files\Microchip\xc8\v2.20\pic\sources\c99\common\flge.c
		___flge        		CODE           	293E	0000	263

C:\Program Files\Microchip\xc8\v2.20\pic\sources\c99\common\flge.c estimated size: 263

shared
		i2_Temp        		CODE           	2820	0000	287
		i2___fladd     		CODE           	06A6	0000	1217
		i2_und         		CODE           	247C	0000	319
		i2___fldiv     		CODE           	1758	0000	923
		__initialization		CODE           	2B7C	0000	31
		i2___flge      		CODE           	2A44	0000	261
		i2___flmul     		CODE           	0F92	0000	1067
		i2___xxtofl    		CODE           	1EB4	0000	437
		i2_dec         		CODE           	25BA	0000	319

shared estimated size: 4861

C:\Program Files\Microchip\xc8\v2.20\pic\sources\c99\common\sprcmul.c
		___flmul       		CODE           	0B66	0000	1069

C:\Program Files\Microchip\xc8\v2.20\pic\sources\c99\common\sprcmul.c estimated size: 1069

C:\Program Files\Microchip\xc8\v2.20\pic\sources\c99\common\sprcdiv.c
		___fldiv       		CODE           	13BC	0000	925

C:\Program Files\Microchip\xc8\v2.20\pic\sources\c99\common\sprcdiv.c estimated size: 925

Programacion.c
		_ISR_RB        		CODE           	0018	0000	457
		_main          		CODE           	1AF2	0000	523
		_Temp          		CODE           	26F8	0000	297
		_ISR_EX0_1     		CODE           	0008	0000	411
		_dec           		CODE           	233C	0000	321
		_Configuracion_Registros		CODE           	2B48	0000	53
		_und           		CODE           	21FC	0000	321

Programacion.c estimated size: 2383

C:\Program Files\Microchip\xc8\v2.20\pic\sources\c99\common\xxtofl.c
		___xxtofl      		CODE           	1CFC	0000	441

C:\Program Files\Microchip\xc8\v2.20\pic\sources\c99\common\xxtofl.c estimated size: 441

